// Vitest Snapshot v1, https://vitest.dev/guide/snapshot.html

exports[`LollipopVChart > renders lollipopVChart component for snapshot test 1`] = `
<svg
  class="chart dark:bg-gray-800 dark:text-gray-50 h-64 lg:w-4/12 md:w-6/12 text-gray-900 w-full"
  data-testid="lollipopVChart"
  id="lollipopHChart"
>
  <g>
    <g
      class="axis--x axis"
      fill="none"
      font-family="sans-serif"
      font-size="10"
      text-anchor="middle"
      transform="translate(0, -40)"
    >
      <path
        class="domain"
        stroke="currentColor"
      />
      <g
        class="tick"
        opacity="0.000001"
        transform="translate(0,0)"
      >
        <line
          stroke="currentColor"
          y2="6"
        />
        <text
          dy="0.71em"
          fill="currentColor"
          y="9"
        />
      </g>
    </g>
    <g
      class="yAxis axis"
      fill="none"
      font-family="sans-serif"
      font-size="10"
      text-anchor="end"
      transform="translate(40,0)"
    >
      <path
        class="domain"
        stroke="currentColor"
      />
    </g>
    <g>
      <g>
        <line
          class="line stroke-current  "
          x1="0"
          x2="0"
        />
        <path
          class="symbols fill-current  "
          d="M0,-9.438L2.119,-2.917L8.976,-2.917L3.429,1.114L5.548,7.636L0,3.605L-5.548,7.636L-3.429,1.114L-8.976,-2.917L-2.119,-2.917Z"
          transform="translate(0,undefined)"
        />
      </g>
      <g>
        <line
          class="line stroke-current  "
          x1="0"
          x2="0"
        />
        <path
          class="symbols fill-current  "
          d="M0,-9.438L2.119,-2.917L8.976,-2.917L3.429,1.114L5.548,7.636L0,3.605L-5.548,7.636L-3.429,1.114L-8.976,-2.917L-2.119,-2.917Z"
          transform="translate(0,undefined)"
        />
      </g>
    </g>
  </g>
</svg>
`;
