// Vitest Snapshot v1, https://vitest.dev/guide/snapshot.html

exports[`BoxPlotVChart > renders boxplotV component for snapshot test 1`] = `
<svg
  class="chart dark:bg-gray-800 dark:text-gray-50 h-64 lg:w-4/12 md:w-6/12 text-gray-900 w-full"
  data-testid="boxPlotV"
  id="boxPlotV"
>
  <g>
    <g
      class="data"
      clip-path="url(#clip)"
    >
      <g>
        <line
          class="box-plot-line stroke-current "
          clip-path="url(#clip)"
          x1="31.42857142857143"
          x2="31.42857142857143"
          y1="0"
          y2="0"
        />
        <line
          class="box-plot-line stroke-current"
          clip-path="url(#clip)"
          x1="25.714285714285715"
          x2="25.714285714285715"
          y1="0"
          y2="0"
        />
        <line
          class="box-plot-line stroke-current "
          clip-path="url(#clip)"
          x1="31.42857142857143"
          x2="31.42857142857143"
          y1="24"
          y2="24"
        />
        <line
          class="box-plot-line stroke-current "
          clip-path="url(#clip)"
          x1="31.42857142857143"
          x2="31.42857142857143"
          y1="40"
          y2="40"
        />
        <rect
          class=" box-plot-box fill-current opacity-50 stroke-current"
          clip-path="url(#clip)"
          width="11.428571428571429"
          x="25.714285714285715"
          y="-40"
        />
      </g>
      <g>
        <line
          class="box-plot-line stroke-current "
          clip-path="url(#clip)"
          x1="17.142857142857146"
          x2="17.142857142857146"
          y1="-40"
          y2="-40"
        />
        <line
          class="box-plot-line stroke-current"
          clip-path="url(#clip)"
          x1="11.42857142857143"
          x2="11.42857142857143"
          y1="-40"
          y2="-40"
        />
        <line
          class="box-plot-line stroke-current "
          clip-path="url(#clip)"
          x1="17.142857142857146"
          x2="17.142857142857146"
          y1="-24"
          y2="-24"
        />
        <line
          class="box-plot-line stroke-current "
          clip-path="url(#clip)"
          x1="17.142857142857146"
          x2="17.142857142857146"
          y1="-8"
          y2="-8"
        />
        <rect
          class=" box-plot-box fill-current opacity-50 stroke-current"
          clip-path="url(#clip)"
          width="11.428571428571429"
          x="11.42857142857143"
          y="-40"
        />
      </g>
      <g>
        <line
          class="box-plot-line stroke-current "
          clip-path="url(#clip)"
          x1="2.8571428571428603"
          x2="2.8571428571428603"
          y1="-24"
          y2="-24"
        />
        <line
          class="box-plot-line stroke-current"
          clip-path="url(#clip)"
          x1="-2.857142857142854"
          x2="-2.857142857142854"
          y1="-24"
          y2="-24"
        />
        <line
          class="box-plot-line stroke-current "
          clip-path="url(#clip)"
          x1="2.8571428571428603"
          x2="2.8571428571428603"
          y1="0"
          y2="0"
        />
        <line
          class="box-plot-line stroke-current "
          clip-path="url(#clip)"
          x1="2.8571428571428603"
          x2="2.8571428571428603"
          y1="24"
          y2="24"
        />
        <rect
          class=" box-plot-box fill-current opacity-50 stroke-current"
          clip-path="url(#clip)"
          width="11.428571428571429"
          x="-2.857142857142854"
          y="-40"
        />
      </g>
      <g>
        <line
          class="box-plot-line stroke-current "
          clip-path="url(#clip)"
          x1="-11.428571428571423"
          x2="-11.428571428571423"
          y1="-32"
          y2="-32"
        />
        <line
          class="box-plot-line stroke-current"
          clip-path="url(#clip)"
          x1="-17.14285714285714"
          x2="-17.14285714285714"
          y1="-32"
          y2="-32"
        />
        <line
          class="box-plot-line stroke-current "
          clip-path="url(#clip)"
          x1="-11.428571428571423"
          x2="-11.428571428571423"
          y1="-16"
          y2="-16"
        />
        <line
          class="box-plot-line stroke-current "
          clip-path="url(#clip)"
          x1="-11.428571428571423"
          x2="-11.428571428571423"
          y1="0"
          y2="0"
        />
        <rect
          class=" box-plot-box fill-current opacity-50 stroke-current"
          clip-path="url(#clip)"
          width="11.428571428571429"
          x="-17.14285714285714"
          y="-40"
        />
      </g>
    </g>
    <g
      class="yAxis axis"
      fill="none"
      font-family="sans-serif"
      font-size="10"
      text-anchor="end"
      transform="translate(40,0)"
    >
      <path
        class="domain"
        d="M-6,-39.5H0.5V40.5H-6"
        stroke="currentColor"
      />
      <g
        class="tick"
        opacity="1"
        transform="translate(0,-39.5)"
      >
        <line
          stroke="currentColor"
          x2="-6"
        />
        <text
          dy="0.32em"
          fill="currentColor"
          x="-9"
        >
          0
        </text>
      </g>
      <g
        class="tick"
        opacity="1"
        transform="translate(0,-31.5)"
      >
        <line
          stroke="currentColor"
          x2="-6"
        />
        <text
          dy="0.32em"
          fill="currentColor"
          x="-9"
        >
          10
        </text>
      </g>
      <g
        class="tick"
        opacity="1"
        transform="translate(0,-23.5)"
      >
        <line
          stroke="currentColor"
          x2="-6"
        />
        <text
          dy="0.32em"
          fill="currentColor"
          x="-9"
        >
          20
        </text>
      </g>
      <g
        class="tick"
        opacity="1"
        transform="translate(0,-15.5)"
      >
        <line
          stroke="currentColor"
          x2="-6"
        />
        <text
          dy="0.32em"
          fill="currentColor"
          x="-9"
        >
          30
        </text>
      </g>
      <g
        class="tick"
        opacity="1"
        transform="translate(0,-7.5)"
      >
        <line
          stroke="currentColor"
          x2="-6"
        />
        <text
          dy="0.32em"
          fill="currentColor"
          x="-9"
        >
          40
        </text>
      </g>
      <g
        class="tick"
        opacity="1"
        transform="translate(0,0.5)"
      >
        <line
          stroke="currentColor"
          x2="-6"
        />
        <text
          dy="0.32em"
          fill="currentColor"
          x="-9"
        >
          50
        </text>
      </g>
      <g
        class="tick"
        opacity="1"
        transform="translate(0,8.5)"
      >
        <line
          stroke="currentColor"
          x2="-6"
        />
        <text
          dy="0.32em"
          fill="currentColor"
          x="-9"
        >
          60
        </text>
      </g>
      <g
        class="tick"
        opacity="1"
        transform="translate(0,16.5)"
      >
        <line
          stroke="currentColor"
          x2="-6"
        />
        <text
          dy="0.32em"
          fill="currentColor"
          x="-9"
        >
          70
        </text>
      </g>
      <g
        class="tick"
        opacity="1"
        transform="translate(0,24.5)"
      >
        <line
          stroke="currentColor"
          x2="-6"
        />
        <text
          dy="0.32em"
          fill="currentColor"
          x="-9"
        >
          80
        </text>
      </g>
      <g
        class="tick"
        opacity="1"
        transform="translate(0,32.5)"
      >
        <line
          stroke="currentColor"
          x2="-6"
        />
        <text
          dy="0.32em"
          fill="currentColor"
          x="-9"
        >
          90
        </text>
      </g>
      <g
        class="tick"
        opacity="1"
        transform="translate(0,40.5)"
      >
        <line
          stroke="currentColor"
          x2="-6"
        />
        <text
          dy="0.32em"
          fill="currentColor"
          x="-9"
        >
          100
        </text>
      </g>
    </g>
    <g
      class="axis--x axis"
      fill="none"
      font-family="sans-serif"
      font-size="10"
      text-anchor="middle"
      transform="translate(0, -40)"
    >
      <path
        class="domain"
        d="M40.5,6V0.5H-19.5V6"
        stroke="currentColor"
      />
      <g
        class="tick"
        opacity="1"
        transform="translate(31.42857142857143,0)"
      >
        <line
          stroke="currentColor"
          y2="6"
        />
        <text
          dy="0.71em"
          fill="currentColor"
          y="9"
        >
          Type A
        </text>
      </g>
      <g
        class="tick"
        opacity="1"
        transform="translate(17.142857142857146,0)"
      >
        <line
          stroke="currentColor"
          y2="6"
        />
        <text
          dy="0.71em"
          fill="currentColor"
          y="9"
        >
          Type B
        </text>
      </g>
      <g
        class="tick"
        opacity="1"
        transform="translate(2.8571428571428603,0)"
      >
        <line
          stroke="currentColor"
          y2="6"
        />
        <text
          dy="0.71em"
          fill="currentColor"
          y="9"
        >
          Type C
        </text>
      </g>
      <g
        class="tick"
        opacity="1"
        transform="translate(-11.428571428571423,0)"
      >
        <line
          stroke="currentColor"
          y2="6"
        />
        <text
          dy="0.71em"
          fill="currentColor"
          y="9"
        >
          Type D
        </text>
      </g>
    </g>
  </g>
  <clippath
    id="clip"
  >
    <rect
      height="-80"
      width="0"
      x="40"
      y="40"
    />
  </clippath>
</svg>
`;
