// Vitest Snapshot v1, https://vitest.dev/guide/snapshot.html

exports[`columnChartStacked > renders columnChartStacked component for snapshot test 1`] = `
<svg
  class="chart dark:bg-gray-800 dark:text-gray-50 h-64 lg:w-4/12 md:w-6/12 text-gray-900 w-full"
  data-testid="columnChartStacked"
  id="columnChartStacked"
>
  <g>
    <g>
      <rect
        class=" fill-current"
        height="-24"
        style="z-index: 10;"
        width="20.000000000000004"
        x="15.000000000000007"
        y="-16"
        z-index="100"
      />
      <rect
        class=" fill-current"
        height="-32"
        style="z-index: 10;"
        width="20.000000000000004"
        x="-9.999999999999996"
        y="-8"
        z-index="100"
      />
      <rect
        class=" fill-current"
        height="-16"
        style="z-index: 10;"
        width="20.000000000000004"
        x="-35"
        y="-24"
        z-index="100"
      />
    </g>
    <g>
      <rect
        class=" fill-current"
        height="-16"
        style="z-index: 11;"
        width="20.000000000000004"
        x="15.000000000000007"
        y="0"
        z-index="99"
      />
      <rect
        class=" fill-current"
        height="-20"
        style="z-index: 11;"
        width="20.000000000000004"
        x="-9.999999999999996"
        y="12"
        z-index="99"
      />
      <rect
        class=" fill-current"
        height="-28"
        style="z-index: 11;"
        width="20.000000000000004"
        x="-35"
        y="4"
        z-index="99"
      />
    </g>
    <g>
      <rect
        class=" fill-current"
        height="-8"
        style="z-index: 12;"
        width="20.000000000000004"
        x="15.000000000000007"
        y="8"
        z-index="98"
      />
      <rect
        class=" fill-current"
        height="-12"
        style="z-index: 12;"
        width="20.000000000000004"
        x="-9.999999999999996"
        y="24"
        z-index="98"
      />
      <rect
        class=" fill-current"
        height="-36"
        style="z-index: 12;"
        width="20.000000000000004"
        x="-35"
        y="40"
        z-index="98"
      />
    </g>
    <g
      class="yAxis axis"
      fill="none"
      font-family="sans-serif"
      font-size="10"
      text-anchor="end"
      transform="translate(40,0)"
    >
      <path
        class="domain"
        d="M-6,-39.5H0.5V40.5H-6"
        stroke="currentColor"
      />
      <g
        class="tick"
        opacity="1"
        transform="translate(0,-39.5)"
      >
        <line
          stroke="currentColor"
          x2="-6"
        />
        <text
          dy="0.32em"
          fill="currentColor"
          x="-9"
        >
          0
        </text>
      </g>
      <g
        class="tick"
        opacity="1"
        transform="translate(0,-31.5)"
      >
        <line
          stroke="currentColor"
          x2="-6"
        />
        <text
          dy="0.32em"
          fill="currentColor"
          x="-9"
        >
          10
        </text>
      </g>
      <g
        class="tick"
        opacity="1"
        transform="translate(0,-23.5)"
      >
        <line
          stroke="currentColor"
          x2="-6"
        />
        <text
          dy="0.32em"
          fill="currentColor"
          x="-9"
        >
          20
        </text>
      </g>
      <g
        class="tick"
        opacity="1"
        transform="translate(0,-15.5)"
      >
        <line
          stroke="currentColor"
          x2="-6"
        />
        <text
          dy="0.32em"
          fill="currentColor"
          x="-9"
        >
          30
        </text>
      </g>
      <g
        class="tick"
        opacity="1"
        transform="translate(0,-7.5)"
      >
        <line
          stroke="currentColor"
          x2="-6"
        />
        <text
          dy="0.32em"
          fill="currentColor"
          x="-9"
        >
          40
        </text>
      </g>
      <g
        class="tick"
        opacity="1"
        transform="translate(0,0.5)"
      >
        <line
          stroke="currentColor"
          x2="-6"
        />
        <text
          dy="0.32em"
          fill="currentColor"
          x="-9"
        >
          50
        </text>
      </g>
      <g
        class="tick"
        opacity="1"
        transform="translate(0,8.5)"
      >
        <line
          stroke="currentColor"
          x2="-6"
        />
        <text
          dy="0.32em"
          fill="currentColor"
          x="-9"
        >
          60
        </text>
      </g>
      <g
        class="tick"
        opacity="1"
        transform="translate(0,16.5)"
      >
        <line
          stroke="currentColor"
          x2="-6"
        />
        <text
          dy="0.32em"
          fill="currentColor"
          x="-9"
        >
          70
        </text>
      </g>
      <g
        class="tick"
        opacity="1"
        transform="translate(0,24.5)"
      >
        <line
          stroke="currentColor"
          x2="-6"
        />
        <text
          dy="0.32em"
          fill="currentColor"
          x="-9"
        >
          80
        </text>
      </g>
      <g
        class="tick"
        opacity="1"
        transform="translate(0,32.5)"
      >
        <line
          stroke="currentColor"
          x2="-6"
        />
        <text
          dy="0.32em"
          fill="currentColor"
          x="-9"
        >
          90
        </text>
      </g>
      <g
        class="tick"
        opacity="1"
        transform="translate(0,40.5)"
      >
        <line
          stroke="currentColor"
          x2="-6"
        />
        <text
          dy="0.32em"
          fill="currentColor"
          x="-9"
        >
          100
        </text>
      </g>
    </g>
    <g
      class="axis--x axis"
      fill="none"
      font-family="sans-serif"
      font-size="10"
      text-anchor="middle"
      transform="translate(0, -40)"
    >
      <path
        class="domain"
        d="M40.5,6V0.5H-39.5V6"
        stroke="currentColor"
      />
      <g
        class="tick"
        opacity="1"
        transform="translate(25.000000000000007,0)"
      >
        <line
          stroke="currentColor"
          y2="6"
        />
        <text
          dy="0.71em"
          fill="currentColor"
          y="9"
        >
          A
        </text>
      </g>
      <g
        class="tick"
        opacity="1"
        transform="translate(5.329070518200751e-15,0)"
      >
        <line
          stroke="currentColor"
          y2="6"
        />
        <text
          dy="0.71em"
          fill="currentColor"
          y="9"
        >
          B
        </text>
      </g>
      <g
        class="tick"
        opacity="1"
        transform="translate(-25,0)"
      >
        <line
          stroke="currentColor"
          y2="6"
        />
        <text
          dy="0.71em"
          fill="currentColor"
          y="9"
        >
          C
        </text>
      </g>
    </g>
  </g>
</svg>
`;
