// Vitest Snapshot v1, https://vitest.dev/guide/snapshot.html

exports[`BulletChart > renders BulletChart component for snapshot test 1`] = `
<svg
  class="chart dark:bg-gray-800 dark:text-gray-50 h-12 lg:w-4/12 md:w-6/12 text-gray-900 w-full"
  data-testid="bullet-chart"
  id="bullet-chart"
>
  <g>
    <text
      class=" fill-current stroke-current"
      font-size="0.8em"
      text-anchor="end"
      x="110"
      y="25"
    >
      Sales
    </text>
    <g
      transform="translate(120, 0)"
    >
      <rect
        class=" dark:fill-gray-700 dark:stroke-gray-700 fill-gray-100 stroke-grey-100"
        height="30"
        width="-140"
        x="0"
        y="0"
      />
      <rect
        class=" dark:fill-gray-600 dark:stroke-gray-600 fill-gray-200 stroke-gray-200"
        height="30"
        width="-126"
        x="0"
        y="0"
      />
      <rect
        class=" dark:fill-gray-500 dark:stroke-gray-500 fill-gray-300 stroke-current"
        height="30"
        width="-70"
        x="0"
        y="0"
      />
      <line
        class=" dark:fill-white dark:stroke-white fill-black stroke-black"
        x1="-112"
        x2="-112"
        y1="5"
        y2="25"
      />
      <rect
        class=" fill-blue-500 stroke-blue-500"
        height="10"
        width="0"
        x="0"
        y="10"
      />
    </g>
    <g
      class="axis--x axis "
      fill="none"
      font-family="sans-serif"
      font-size="10"
      text-anchor="middle"
      transform="translate(120, 30)"
    >
      <path
        class="domain"
        d="M0.5,6V0.5H-139.5V6"
        stroke="currentColor"
      />
      <g
        class="tick"
        opacity="1"
        transform="translate(0.5,0)"
      >
        <line
          stroke="currentColor"
          y2="6"
        />
        <text
          dy="0.71em"
          fill="currentColor"
          y="9"
        >
          0
        </text>
      </g>
      <g
        class="tick"
        opacity="1"
        transform="translate(-27.5,0)"
      >
        <line
          stroke="currentColor"
          y2="6"
        />
        <text
          dy="0.71em"
          fill="currentColor"
          y="9"
        >
          20
        </text>
      </g>
      <g
        class="tick"
        opacity="1"
        transform="translate(-55.5,0)"
      >
        <line
          stroke="currentColor"
          y2="6"
        />
        <text
          dy="0.71em"
          fill="currentColor"
          y="9"
        >
          40
        </text>
      </g>
      <g
        class="tick"
        opacity="1"
        transform="translate(-83.5,0)"
      >
        <line
          stroke="currentColor"
          y2="6"
        />
        <text
          dy="0.71em"
          fill="currentColor"
          y="9"
        >
          60
        </text>
      </g>
      <g
        class="tick"
        opacity="1"
        transform="translate(-111.5,0)"
      >
        <line
          stroke="currentColor"
          y2="6"
        />
        <text
          dy="0.71em"
          fill="currentColor"
          y="9"
        >
          80
        </text>
      </g>
      <g
        class="tick"
        opacity="1"
        transform="translate(-139.5,0)"
      >
        <line
          stroke="currentColor"
          y2="6"
        />
        <text
          dy="0.71em"
          fill="currentColor"
          y="9"
        >
          100
        </text>
      </g>
    </g>
  </g>
</svg>
`;
