// Vitest Snapshot v1, https://vitest.dev/guide/snapshot.html

exports[`ColumnChartGrouped > renders columnChartGrouped component for snapshot test 1`] = `
<svg
  class="chart dark:bg-gray-800 dark:text-gray-50 h-64 lg:w-4/12 md:w-6/12 text-gray-900 w-full"
  data-testid="columnChartGrouped"
  id="columnChartGrouped"
>
  <g>
    <g>
      <rect
        class="fill-current undefined"
        height="-80"
        width="5.000000000000001"
        x="15.000000000000007"
        y="40"
      />
      <rect
        class="fill-current undefined"
        height="-75.19999999999999"
        width="5.000000000000001"
        x="-9.999999999999996"
        y="35.19999999999999"
      />
      <rect
        class="fill-current undefined"
        height="-64"
        width="5.000000000000001"
        x="-35"
        y="24"
      />
    </g>
    <g>
      <rect
        class="fill-current undefined"
        height="-32"
        width="5.000000000000001"
        x="20.000000000000007"
        y="-8"
      />
      <rect
        class="fill-current undefined"
        height="-72"
        width="5.000000000000001"
        x="-4.999999999999996"
        y="32"
      />
      <rect
        class="fill-current undefined"
        height="-32"
        width="5.000000000000001"
        x="-30"
        y="-8"
      />
    </g>
    <g>
      <rect
        class="fill-current undefined"
        height="-40"
        width="5.000000000000001"
        x="25.000000000000007"
        y="0"
      />
      <rect
        class="fill-current undefined"
        height="-32"
        width="5.000000000000001"
        x="5.329070518200751e-15"
        y="-8"
      />
      <rect
        class="fill-current undefined"
        height="-8"
        width="5.000000000000001"
        x="-25"
        y="-32"
      />
    </g>
    <g>
      <rect
        class="fill-current undefined"
        height="-8"
        width="5.000000000000001"
        x="30.00000000000001"
        y="-32"
      />
      <rect
        class="fill-current undefined"
        height="0"
        width="5.000000000000001"
        x="5.000000000000007"
        y="-40"
      />
      <rect
        class="fill-current undefined"
        height="0"
        width="5.000000000000001"
        x="-19.999999999999996"
        y="-40"
      />
    </g>
    <g
      class="yAxis axis"
      fill="none"
      font-family="sans-serif"
      font-size="10"
      text-anchor="end"
      transform="translate(40,0)"
    >
      <path
        class="domain"
        d="M-6,-39.5H0.5V40.5H-6"
        stroke="currentColor"
      />
      <g
        class="tick"
        opacity="1"
        transform="translate(0,-39.5)"
      >
        <line
          stroke="currentColor"
          x2="-6"
        />
        <text
          dy="0.32em"
          fill="currentColor"
          x="-9"
        >
          0
        </text>
      </g>
      <g
        class="tick"
        opacity="1"
        transform="translate(0,-31.5)"
      >
        <line
          stroke="currentColor"
          x2="-6"
        />
        <text
          dy="0.32em"
          fill="currentColor"
          x="-9"
        >
          1,000
        </text>
      </g>
      <g
        class="tick"
        opacity="1"
        transform="translate(0,-23.5)"
      >
        <line
          stroke="currentColor"
          x2="-6"
        />
        <text
          dy="0.32em"
          fill="currentColor"
          x="-9"
        >
          2,000
        </text>
      </g>
      <g
        class="tick"
        opacity="1"
        transform="translate(0,-15.5)"
      >
        <line
          stroke="currentColor"
          x2="-6"
        />
        <text
          dy="0.32em"
          fill="currentColor"
          x="-9"
        >
          3,000
        </text>
      </g>
      <g
        class="tick"
        opacity="1"
        transform="translate(0,-7.5)"
      >
        <line
          stroke="currentColor"
          x2="-6"
        />
        <text
          dy="0.32em"
          fill="currentColor"
          x="-9"
        >
          4,000
        </text>
      </g>
      <g
        class="tick"
        opacity="1"
        transform="translate(0,0.5)"
      >
        <line
          stroke="currentColor"
          x2="-6"
        />
        <text
          dy="0.32em"
          fill="currentColor"
          x="-9"
        >
          5,000
        </text>
      </g>
      <g
        class="tick"
        opacity="1"
        transform="translate(0,8.5)"
      >
        <line
          stroke="currentColor"
          x2="-6"
        />
        <text
          dy="0.32em"
          fill="currentColor"
          x="-9"
        >
          6,000
        </text>
      </g>
      <g
        class="tick"
        opacity="1"
        transform="translate(0,16.5)"
      >
        <line
          stroke="currentColor"
          x2="-6"
        />
        <text
          dy="0.32em"
          fill="currentColor"
          x="-9"
        >
          7,000
        </text>
      </g>
      <g
        class="tick"
        opacity="1"
        transform="translate(0,24.5)"
      >
        <line
          stroke="currentColor"
          x2="-6"
        />
        <text
          dy="0.32em"
          fill="currentColor"
          x="-9"
        >
          8,000
        </text>
      </g>
      <g
        class="tick"
        opacity="1"
        transform="translate(0,32.5)"
      >
        <line
          stroke="currentColor"
          x2="-6"
        />
        <text
          dy="0.32em"
          fill="currentColor"
          x="-9"
        >
          9,000
        </text>
      </g>
      <g
        class="tick"
        opacity="1"
        transform="translate(0,40.5)"
      >
        <line
          stroke="currentColor"
          x2="-6"
        />
        <text
          dy="0.32em"
          fill="currentColor"
          x="-9"
        >
          10,000
        </text>
      </g>
    </g>
    <g
      class="axis--x axis"
      fill="none"
      font-family="sans-serif"
      font-size="10"
      text-anchor="middle"
      transform="translate(0, -40)"
    >
      <path
        class="domain"
        d="M40.5,6V0.5H-39.5V6"
        stroke="currentColor"
      />
      <g
        class="tick"
        opacity="1"
        transform="translate(25.000000000000007,0)"
      >
        <line
          stroke="currentColor"
          y2="6"
        />
        <text
          dy="0.71em"
          fill="currentColor"
          y="9"
        >
          Product A
        </text>
      </g>
      <g
        class="tick"
        opacity="1"
        transform="translate(5.329070518200751e-15,0)"
      >
        <line
          stroke="currentColor"
          y2="6"
        />
        <text
          dy="0.71em"
          fill="currentColor"
          y="9"
        >
          Product B
        </text>
      </g>
      <g
        class="tick"
        opacity="1"
        transform="translate(-25,0)"
      >
        <line
          stroke="currentColor"
          y2="6"
        />
        <text
          dy="0.71em"
          fill="currentColor"
          y="9"
        >
          Product C
        </text>
      </g>
    </g>
  </g>
</svg>
`;
