// Vitest Snapshot v1, https://vitest.dev/guide/snapshot.html

exports[`boxPlotH > renders BoxPlotH component for snapshot test 1`] = `
<svg
  class="chart dark:bg-gray-800 dark:text-gray-50 h-64 lg:w-4/12 md:w-6/12 text-gray-900 w-full"
  data-testid="boxPlotH"
  id="boxPlotH"
>
  <g>
    <g
      class="data"
      clip-path="url(#clip)"
    >
      <g>
        <line
          class="box-plot-line stroke-current"
          clip-path="url(#clip)"
          x1="10"
          x2="10"
          y1="28.57142857142857"
          y2="28.57142857142857"
        />
        <line
          class="box-plot-line stroke-current"
          clip-path="url(#clip)"
          x1="10"
          x2="10"
          y1="20.95238095238095"
          y2="20.95238095238095"
        />
        <line
          class="box-plot-line stroke-current"
          clip-path="url(#clip)"
          x1="-20"
          x2="-20"
          y1="36.19047619047619"
          y2="36.19047619047619"
        />
        <rect
          class="box-plot-box fill-current stroke-current"
          clip-path="url(#clip)"
          height="15.238095238095239"
          x="2.799999999999999"
          y="20.95238095238095"
        />
        <line
          class="box-plot-line stroke-current"
          clip-path="url(#clip)"
          x1="-8.000000000000002"
          x2="-8.000000000000002"
          y1="28.57142857142857"
          y2="28.57142857142857"
        />
      </g>
      <g>
        <line
          class="box-plot-line stroke-current"
          clip-path="url(#clip)"
          x1="40"
          x2="40"
          y1="9.523809523809526"
          y2="9.523809523809526"
        />
        <line
          class="box-plot-line stroke-current"
          clip-path="url(#clip)"
          x1="40"
          x2="40"
          y1="1.904761904761905"
          y2="1.904761904761905"
        />
        <line
          class="box-plot-line stroke-current"
          clip-path="url(#clip)"
          x1="16"
          x2="16"
          y1="17.142857142857146"
          y2="17.142857142857146"
        />
        <rect
          class="box-plot-box fill-current stroke-current"
          clip-path="url(#clip)"
          height="15.238095238095239"
          x="34"
          y="1.904761904761905"
        />
        <line
          class="box-plot-line stroke-current"
          clip-path="url(#clip)"
          x1="28"
          x2="28"
          y1="9.523809523809526"
          y2="9.523809523809526"
        />
      </g>
      <g>
        <line
          class="box-plot-line stroke-current"
          clip-path="url(#clip)"
          x1="28"
          x2="28"
          y1="-9.523809523809522"
          y2="-9.523809523809522"
        />
        <line
          class="box-plot-line stroke-current"
          clip-path="url(#clip)"
          x1="28"
          x2="28"
          y1="-17.142857142857142"
          y2="-17.142857142857142"
        />
        <line
          class="box-plot-line stroke-current"
          clip-path="url(#clip)"
          x1="-8.000000000000002"
          x2="-8.000000000000002"
          y1="-1.9047619047619033"
          y2="-1.9047619047619033"
        />
        <rect
          class="box-plot-box fill-current stroke-current"
          clip-path="url(#clip)"
          height="15.238095238095239"
          x="16"
          y="-17.142857142857142"
        />
        <line
          class="box-plot-line stroke-current"
          clip-path="url(#clip)"
          x1="10"
          x2="10"
          y1="-9.523809523809522"
          y2="-9.523809523809522"
        />
      </g>
      <g>
        <line
          class="box-plot-line stroke-current"
          clip-path="url(#clip)"
          x1="34"
          x2="34"
          y1="-28.57142857142857"
          y2="-28.57142857142857"
        />
        <line
          class="box-plot-line stroke-current"
          clip-path="url(#clip)"
          x1="34"
          x2="34"
          y1="-36.19047619047619"
          y2="-36.19047619047619"
        />
        <line
          class="box-plot-line stroke-current"
          clip-path="url(#clip)"
          x1="10"
          x2="10"
          y1="-20.95238095238095"
          y2="-20.95238095238095"
        />
        <rect
          class="box-plot-box fill-current stroke-current"
          clip-path="url(#clip)"
          height="15.238095238095239"
          x="28"
          y="-36.19047619047619"
        />
        <line
          class="box-plot-line stroke-current"
          clip-path="url(#clip)"
          x1="22"
          x2="22"
          y1="-28.57142857142857"
          y2="-28.57142857142857"
        />
      </g>
    </g>
    <g
      class="yAxis axis"
      fill="none"
      font-family="sans-serif"
      font-size="10"
      text-anchor="end"
      transform="translate(40,0)"
    >
      <path
        class="domain"
        d="M-6,40.5H0.5V-39.5H-6"
        stroke="currentColor"
      />
      <g
        class="tick"
        opacity="1"
        transform="translate(0,28.57142857142857)"
      >
        <line
          stroke="currentColor"
          x2="-6"
        />
        <text
          dy="0.32em"
          fill="currentColor"
          x="-9"
        >
          Type A
        </text>
      </g>
      <g
        class="tick"
        opacity="1"
        transform="translate(0,9.523809523809526)"
      >
        <line
          stroke="currentColor"
          x2="-6"
        />
        <text
          dy="0.32em"
          fill="currentColor"
          x="-9"
        >
          Type B
        </text>
      </g>
      <g
        class="tick"
        opacity="1"
        transform="translate(0,-9.523809523809522)"
      >
        <line
          stroke="currentColor"
          x2="-6"
        />
        <text
          dy="0.32em"
          fill="currentColor"
          x="-9"
        >
          Type C
        </text>
      </g>
      <g
        class="tick"
        opacity="1"
        transform="translate(0,-28.57142857142857)"
      >
        <line
          stroke="currentColor"
          x2="-6"
        />
        <text
          dy="0.32em"
          fill="currentColor"
          x="-9"
        >
          Type D
        </text>
      </g>
    </g>
    <g
      class="axis--x axis "
      fill="none"
      font-family="sans-serif"
      font-size="10"
      text-anchor="middle"
      transform="translate(0, -40)"
    >
      <path
        class="domain"
        d="M40.5,6V0.5H-19.5V6"
        stroke="currentColor"
      />
      <g
        class="tick"
        opacity="1"
        transform="translate(40.5,0)"
      >
        <line
          stroke="currentColor"
          y2="6"
        />
        <text
          dy="0.71em"
          fill="currentColor"
          y="9"
        >
          0
        </text>
      </g>
      <g
        class="tick"
        opacity="1"
        transform="translate(28.5,0)"
      >
        <line
          stroke="currentColor"
          y2="6"
        />
        <text
          dy="0.71em"
          fill="currentColor"
          y="9"
        >
          20
        </text>
      </g>
      <g
        class="tick"
        opacity="1"
        transform="translate(16.5,0)"
      >
        <line
          stroke="currentColor"
          y2="6"
        />
        <text
          dy="0.71em"
          fill="currentColor"
          y="9"
        >
          40
        </text>
      </g>
      <g
        class="tick"
        opacity="1"
        transform="translate(4.5,0)"
      >
        <line
          stroke="currentColor"
          y2="6"
        />
        <text
          dy="0.71em"
          fill="currentColor"
          y="9"
        >
          60
        </text>
      </g>
      <g
        class="tick"
        opacity="1"
        transform="translate(-7.500000000000002,0)"
      >
        <line
          stroke="currentColor"
          y2="6"
        />
        <text
          dy="0.71em"
          fill="currentColor"
          y="9"
        >
          80
        </text>
      </g>
      <g
        class="tick"
        opacity="1"
        transform="translate(-19.5,0)"
      >
        <line
          stroke="currentColor"
          y2="6"
        />
        <text
          dy="0.71em"
          fill="currentColor"
          y="9"
        >
          100
        </text>
      </g>
    </g>
  </g>
  <clippath
    id="clip"
  >
    <rect
      height="8"
      width="0"
      x="40"
      y="30"
    />
  </clippath>
</svg>
`;
