// Vitest Snapshot v1, https://vitest.dev/guide/snapshot.html

exports[`DotPlot > renders DotPlot component for snapshot test 1`] = `
<svg
  class="chart dark:bg-gray-800 dark:text-gray-50 h-64 lg:w-4/12 md:w-6/12 text-gray-900 w-full"
  data-testid="dotPlot-test"
  id="dotPlot"
>
  <g>
    <g
      class="data"
      clip-path="url(#clip)"
    >
      <g>
        <line
          class="dot-plot-line stroke-current "
          clip-path="url(#clip)"
          x1="-260"
          x2="-260"
          y1="36.66666666666668"
          y2="36.66666666666668"
        />
        <path
          class="start-dots fill-current  "
          d="M5.642,0A5.642,5.642,0,1,1,-5.642,0A5.642,5.642,0,1,1,5.642,0"
          transform="translate(-260,36.66666666666668)"
        />
        <path
          class="end-dots fill-current  "
          d="M5.642,0A5.642,5.642,0,1,1,-5.642,0A5.642,5.642,0,1,1,5.642,0"
          transform="translate(-260,36.66666666666668)"
        />
      </g>
      <g>
        <line
          class="dot-plot-line stroke-current "
          clip-path="url(#clip)"
          x1="-272"
          x2="-272"
          y1="30.000000000000004"
          y2="30.000000000000004"
        />
        <path
          class="start-dots fill-current  "
          d="M5.642,0A5.642,5.642,0,1,1,-5.642,0A5.642,5.642,0,1,1,5.642,0"
          transform="translate(-272,30.000000000000004)"
        />
        <path
          class="end-dots fill-current  "
          d="M5.642,0A5.642,5.642,0,1,1,-5.642,0A5.642,5.642,0,1,1,5.642,0"
          transform="translate(-272,30.000000000000004)"
        />
      </g>
      <g>
        <line
          class="dot-plot-line stroke-current "
          clip-path="url(#clip)"
          x1="-320"
          x2="-320"
          y1="23.333333333333332"
          y2="23.333333333333332"
        />
        <path
          class="start-dots fill-current  "
          d="M5.642,0A5.642,5.642,0,1,1,-5.642,0A5.642,5.642,0,1,1,5.642,0"
          transform="translate(-320,23.333333333333332)"
        />
        <path
          class="end-dots fill-current  "
          d="M5.642,0A5.642,5.642,0,1,1,-5.642,0A5.642,5.642,0,1,1,5.642,0"
          transform="translate(-320,23.333333333333332)"
        />
      </g>
      <g>
        <line
          class="dot-plot-line stroke-current "
          clip-path="url(#clip)"
          x1="-332"
          x2="-332"
          y1="16.666666666666668"
          y2="16.666666666666668"
        />
        <path
          class="start-dots fill-current  "
          d="M5.642,0A5.642,5.642,0,1,1,-5.642,0A5.642,5.642,0,1,1,5.642,0"
          transform="translate(-332,16.666666666666668)"
        />
        <path
          class="end-dots fill-current  "
          d="M5.642,0A5.642,5.642,0,1,1,-5.642,0A5.642,5.642,0,1,1,5.642,0"
          transform="translate(-332,16.666666666666668)"
        />
      </g>
      <g>
        <line
          class="dot-plot-line stroke-current "
          clip-path="url(#clip)"
          x1="-344"
          x2="-344"
          y1="10.000000000000005"
          y2="10.000000000000005"
        />
        <path
          class="start-dots fill-current  "
          d="M5.642,0A5.642,5.642,0,1,1,-5.642,0A5.642,5.642,0,1,1,5.642,0"
          transform="translate(-344,10.000000000000005)"
        />
        <path
          class="end-dots fill-current  "
          d="M5.642,0A5.642,5.642,0,1,1,-5.642,0A5.642,5.642,0,1,1,5.642,0"
          transform="translate(-344,10.000000000000005)"
        />
      </g>
      <g>
        <line
          class="dot-plot-line stroke-current "
          clip-path="url(#clip)"
          x1="-320"
          x2="-320"
          y1="3.3333333333333335"
          y2="3.3333333333333335"
        />
        <path
          class="start-dots fill-current  "
          d="M5.642,0A5.642,5.642,0,1,1,-5.642,0A5.642,5.642,0,1,1,5.642,0"
          transform="translate(-320,3.3333333333333335)"
        />
        <path
          class="end-dots fill-current  "
          d="M5.642,0A5.642,5.642,0,1,1,-5.642,0A5.642,5.642,0,1,1,5.642,0"
          transform="translate(-320,3.3333333333333335)"
        />
      </g>
      <g>
        <line
          class="dot-plot-line stroke-current "
          clip-path="url(#clip)"
          x1="-308"
          x2="-308"
          y1="-3.333333333333331"
          y2="-3.333333333333331"
        />
        <path
          class="start-dots fill-current  "
          d="M5.642,0A5.642,5.642,0,1,1,-5.642,0A5.642,5.642,0,1,1,5.642,0"
          transform="translate(-308,-3.333333333333331)"
        />
        <path
          class="end-dots fill-current  "
          d="M5.642,0A5.642,5.642,0,1,1,-5.642,0A5.642,5.642,0,1,1,5.642,0"
          transform="translate(-308,-3.333333333333331)"
        />
      </g>
      <g>
        <line
          class="dot-plot-line stroke-current "
          clip-path="url(#clip)"
          x1="-308"
          x2="-308"
          y1="-9.999999999999998"
          y2="-9.999999999999998"
        />
        <path
          class="start-dots fill-current  "
          d="M5.642,0A5.642,5.642,0,1,1,-5.642,0A5.642,5.642,0,1,1,5.642,0"
          transform="translate(-308,-9.999999999999998)"
        />
        <path
          class="end-dots fill-current  "
          d="M5.642,0A5.642,5.642,0,1,1,-5.642,0A5.642,5.642,0,1,1,5.642,0"
          transform="translate(-308,-9.999999999999998)"
        />
      </g>
      <g>
        <line
          class="dot-plot-line stroke-current "
          clip-path="url(#clip)"
          x1="-308"
          x2="-308"
          y1="-16.666666666666668"
          y2="-16.666666666666668"
        />
        <path
          class="start-dots fill-current  "
          d="M5.642,0A5.642,5.642,0,1,1,-5.642,0A5.642,5.642,0,1,1,5.642,0"
          transform="translate(-308,-16.666666666666668)"
        />
        <path
          class="end-dots fill-current  "
          d="M5.642,0A5.642,5.642,0,1,1,-5.642,0A5.642,5.642,0,1,1,5.642,0"
          transform="translate(-308,-16.666666666666668)"
        />
      </g>
      <g>
        <line
          class="dot-plot-line stroke-current "
          clip-path="url(#clip)"
          x1="-308"
          x2="-308"
          y1="-23.333333333333332"
          y2="-23.333333333333332"
        />
        <path
          class="start-dots fill-current  "
          d="M5.642,0A5.642,5.642,0,1,1,-5.642,0A5.642,5.642,0,1,1,5.642,0"
          transform="translate(-308,-23.333333333333332)"
        />
        <path
          class="end-dots fill-current  "
          d="M5.642,0A5.642,5.642,0,1,1,-5.642,0A5.642,5.642,0,1,1,5.642,0"
          transform="translate(-308,-23.333333333333332)"
        />
      </g>
      <g>
        <line
          class="dot-plot-line stroke-current "
          clip-path="url(#clip)"
          x1="-308"
          x2="-308"
          y1="-30.000000000000004"
          y2="-30.000000000000004"
        />
        <path
          class="start-dots fill-current  "
          d="M5.642,0A5.642,5.642,0,1,1,-5.642,0A5.642,5.642,0,1,1,5.642,0"
          transform="translate(-308,-30.000000000000004)"
        />
        <path
          class="end-dots fill-current  "
          d="M5.642,0A5.642,5.642,0,1,1,-5.642,0A5.642,5.642,0,1,1,5.642,0"
          transform="translate(-308,-30.000000000000004)"
        />
      </g>
      <g>
        <line
          class="dot-plot-line stroke-current "
          clip-path="url(#clip)"
          x1="-260"
          x2="-260"
          y1="-36.666666666666664"
          y2="-36.666666666666664"
        />
        <path
          class="start-dots fill-current  "
          d="M5.642,0A5.642,5.642,0,1,1,-5.642,0A5.642,5.642,0,1,1,5.642,0"
          transform="translate(-260,-36.666666666666664)"
        />
        <path
          class="end-dots fill-current  "
          d="M5.642,0A5.642,5.642,0,1,1,-5.642,0A5.642,5.642,0,1,1,5.642,0"
          transform="translate(-260,-36.666666666666664)"
        />
      </g>
    </g>
    <g
      class="yAxis axis"
      fill="none"
      font-family="sans-serif"
      font-size="10"
      text-anchor="end"
      transform="translate(40,0)"
    >
      <path
        class="domain"
        d="M-6,40.5H0.5V-39.5H-6"
        stroke="currentColor"
      />
      <g
        class="tick"
        opacity="1"
        transform="translate(0,36.66666666666668)"
      >
        <line
          stroke="currentColor"
          x2="-6"
        />
        <text
          dy="0.32em"
          fill="currentColor"
          x="-9"
        >
          January
        </text>
      </g>
      <g
        class="tick"
        opacity="1"
        transform="translate(0,30.000000000000004)"
      >
        <line
          stroke="currentColor"
          x2="-6"
        />
        <text
          dy="0.32em"
          fill="currentColor"
          x="-9"
        >
          February
        </text>
      </g>
      <g
        class="tick"
        opacity="1"
        transform="translate(0,23.333333333333332)"
      >
        <line
          stroke="currentColor"
          x2="-6"
        />
        <text
          dy="0.32em"
          fill="currentColor"
          x="-9"
        >
          March
        </text>
      </g>
      <g
        class="tick"
        opacity="1"
        transform="translate(0,16.666666666666668)"
      >
        <line
          stroke="currentColor"
          x2="-6"
        />
        <text
          dy="0.32em"
          fill="currentColor"
          x="-9"
        >
          April
        </text>
      </g>
      <g
        class="tick"
        opacity="1"
        transform="translate(0,10.000000000000005)"
      >
        <line
          stroke="currentColor"
          x2="-6"
        />
        <text
          dy="0.32em"
          fill="currentColor"
          x="-9"
        >
          May
        </text>
      </g>
      <g
        class="tick"
        opacity="1"
        transform="translate(0,3.3333333333333335)"
      >
        <line
          stroke="currentColor"
          x2="-6"
        />
        <text
          dy="0.32em"
          fill="currentColor"
          x="-9"
        >
          June
        </text>
      </g>
      <g
        class="tick"
        opacity="1"
        transform="translate(0,-3.333333333333331)"
      >
        <line
          stroke="currentColor"
          x2="-6"
        />
        <text
          dy="0.32em"
          fill="currentColor"
          x="-9"
        >
          July
        </text>
      </g>
      <g
        class="tick"
        opacity="1"
        transform="translate(0,-9.999999999999998)"
      >
        <line
          stroke="currentColor"
          x2="-6"
        />
        <text
          dy="0.32em"
          fill="currentColor"
          x="-9"
        >
          August
        </text>
      </g>
      <g
        class="tick"
        opacity="1"
        transform="translate(0,-16.666666666666668)"
      >
        <line
          stroke="currentColor"
          x2="-6"
        />
        <text
          dy="0.32em"
          fill="currentColor"
          x="-9"
        >
          September
        </text>
      </g>
      <g
        class="tick"
        opacity="1"
        transform="translate(0,-23.333333333333332)"
      >
        <line
          stroke="currentColor"
          x2="-6"
        />
        <text
          dy="0.32em"
          fill="currentColor"
          x="-9"
        >
          October
        </text>
      </g>
      <g
        class="tick"
        opacity="1"
        transform="translate(0,-30.000000000000004)"
      >
        <line
          stroke="currentColor"
          x2="-6"
        />
        <text
          dy="0.32em"
          fill="currentColor"
          x="-9"
        >
          November
        </text>
      </g>
      <g
        class="tick"
        opacity="1"
        transform="translate(0,-36.666666666666664)"
      >
        <line
          stroke="currentColor"
          x2="-6"
        />
        <text
          dy="0.32em"
          fill="currentColor"
          x="-9"
        >
          December
        </text>
      </g>
    </g>
    <g
      class="axis--x axis "
      fill="none"
      font-family="sans-serif"
      font-size="10"
      text-anchor="middle"
      transform="translate(0, -40)"
    >
      <path
        class="domain"
        d="M40.5,6V0.5H-19.5V6"
        stroke="currentColor"
      />
      <g
        class="tick"
        opacity="1"
        transform="translate(40.5,0)"
      >
        <line
          stroke="currentColor"
          y2="6"
        />
        <text
          dy="0.71em"
          fill="currentColor"
          y="9"
        >
          0
        </text>
      </g>
      <g
        class="tick"
        opacity="1"
        transform="translate(28.5,0)"
      >
        <line
          stroke="currentColor"
          y2="6"
        />
        <text
          dy="0.71em"
          fill="currentColor"
          y="9"
        >
          1
        </text>
      </g>
      <g
        class="tick"
        opacity="1"
        transform="translate(16.5,0)"
      >
        <line
          stroke="currentColor"
          y2="6"
        />
        <text
          dy="0.71em"
          fill="currentColor"
          y="9"
        >
          2
        </text>
      </g>
      <g
        class="tick"
        opacity="1"
        transform="translate(4.5,0)"
      >
        <line
          stroke="currentColor"
          y2="6"
        />
        <text
          dy="0.71em"
          fill="currentColor"
          y="9"
        >
          3
        </text>
      </g>
      <g
        class="tick"
        opacity="1"
        transform="translate(-7.500000000000002,0)"
      >
        <line
          stroke="currentColor"
          y2="6"
        />
        <text
          dy="0.71em"
          fill="currentColor"
          y="9"
        >
          4
        </text>
      </g>
      <g
        class="tick"
        opacity="1"
        transform="translate(-19.5,0)"
      >
        <line
          stroke="currentColor"
          y2="6"
        />
        <text
          dy="0.71em"
          fill="currentColor"
          y="9"
        >
          5
        </text>
      </g>
    </g>
  </g>
  <clippath
    id="clip"
  >
    <rect
      height="8"
      width="0"
      x="40"
      y="30"
    />
  </clippath>
</svg>
`;
