// Vitest Snapshot v1, https://vitest.dev/guide/snapshot.html

exports[`SpinrChart > renders Spine chart component 1`] = `
<svg
  class="chart dark:bg-gray-800 dark:text-gray-50 h-64 lg:w-4/12 md:w-6/12 text-gray-900 w-full"
  data-testid="spineChart"
  id="spineChart"
>
  <g>
    <g
      class="right-axis--x axis"
      fill="none"
      font-family="sans-serif"
      font-size="10"
      text-anchor="middle"
      transform="translate(0, -40)"
    >
      <path
        class="domain"
        d="M40.5,6V0.5H-19.5V6"
        stroke="currentColor"
      />
      <g
        class="tick"
        opacity="1"
        transform="translate(40.5,0)"
      >
        <line
          stroke="currentColor"
          y2="6"
        />
        <text
          dy="0.71em"
          fill="currentColor"
          y="9"
        >
          0
        </text>
      </g>
      <g
        class="tick"
        opacity="1"
        transform="translate(31.928571428571434,0)"
      >
        <line
          stroke="currentColor"
          y2="6"
        />
        <text
          dy="0.71em"
          fill="currentColor"
          y="9"
        >
          2
        </text>
      </g>
      <g
        class="tick"
        opacity="1"
        transform="translate(23.35714285714286,0)"
      >
        <line
          stroke="currentColor"
          y2="6"
        />
        <text
          dy="0.71em"
          fill="currentColor"
          y="9"
        >
          4
        </text>
      </g>
      <g
        class="tick"
        opacity="1"
        transform="translate(14.785714285714283,0)"
      >
        <line
          stroke="currentColor"
          y2="6"
        />
        <text
          dy="0.71em"
          fill="currentColor"
          y="9"
        >
          6
        </text>
      </g>
      <g
        class="tick"
        opacity="1"
        transform="translate(6.214285714285719,0)"
      >
        <line
          stroke="currentColor"
          y2="6"
        />
        <text
          dy="0.71em"
          fill="currentColor"
          y="9"
        >
          8
        </text>
      </g>
      <g
        class="tick"
        opacity="1"
        transform="translate(-2.3571428571428594,0)"
      >
        <line
          stroke="currentColor"
          y2="6"
        />
        <text
          dy="0.71em"
          fill="currentColor"
          y="9"
        >
          10
        </text>
      </g>
      <g
        class="tick"
        opacity="1"
        transform="translate(-10.928571428571427,0)"
      >
        <line
          stroke="currentColor"
          y2="6"
        />
        <text
          dy="0.71em"
          fill="currentColor"
          y="9"
        >
          12
        </text>
      </g>
      <g
        class="tick"
        opacity="1"
        transform="translate(-19.5,0)"
      >
        <line
          stroke="currentColor"
          y2="6"
        />
        <text
          dy="0.71em"
          fill="currentColor"
          y="9"
        >
          14
        </text>
      </g>
      <text
        class="fill-current"
        text-anchor="end"
        x="0"
        y="30"
      >
        value3
      </text>
    </g>
    <line
      class="stroke-current stroke-1"
      x1="-20"
      x2="-20"
      y1="40"
      y2="-40"
    />
    <g>
      <rect
        class="undefined fill-current"
        height="43.07692307692308"
        width="0"
        x="-20"
        y="-21.53846153846154"
      />
      <rect
        class="undefined fill-current"
        height="43.07692307692308"
        width="0"
        x="-20"
        y="-21.53846153846154"
      />
      <rect
        class="undefined fill-current"
        height="43.07692307692308"
        width="0"
        x="-20"
        y="-21.53846153846154"
      />
    </g>
    <g>
      <rect
        class="undefined fill-current"
        height="43.07692307692308"
        width="0"
        x="-20"
        y="-21.53846153846154"
      />
      <rect
        class="undefined fill-current"
        height="43.07692307692308"
        width="0"
        x="-20"
        y="-21.53846153846154"
      />
      <rect
        class="undefined fill-current"
        height="43.07692307692308"
        width="0"
        x="-20"
        y="-21.53846153846154"
      />
    </g>
    <g>
      <rect
        class="undefined fill-current"
        height="43.07692307692308"
        x="40"
        y="-21.53846153846154"
        z-index="100"
      />
      <rect
        class="undefined fill-current"
        height="43.07692307692308"
        x="40"
        y="-21.53846153846154"
        z-index="100"
      />
      <rect
        class="undefined fill-current"
        height="43.07692307692308"
        x="40"
        y="-21.53846153846154"
        z-index="100"
      />
    </g>
    <g
      class="left-axis--x axis "
      fill="none"
      font-family="sans-serif"
      font-size="10"
      text-anchor="middle"
      transform="translate(0, -40)"
    >
      <path
        class="domain"
        d="M-19.5,6V0.5H40.5V6"
        stroke="currentColor"
      />
      <g
        class="tick"
        opacity="1"
        transform="translate(-19.5,0)"
      >
        <line
          stroke="currentColor"
          y2="6"
        />
        <text
          dy="0.71em"
          fill="currentColor"
          y="9"
        >
          0
        </text>
      </g>
      <g
        class="tick"
        opacity="1"
        transform="translate(-10.928571428571432,0)"
      >
        <line
          stroke="currentColor"
          y2="6"
        />
        <text
          dy="0.71em"
          fill="currentColor"
          y="9"
        >
          2
        </text>
      </g>
      <g
        class="tick"
        opacity="1"
        transform="translate(-2.3571428571428594,0)"
      >
        <line
          stroke="currentColor"
          y2="6"
        />
        <text
          dy="0.71em"
          fill="currentColor"
          y="9"
        >
          4
        </text>
      </g>
      <g
        class="tick"
        opacity="1"
        transform="translate(6.214285714285715,0)"
      >
        <line
          stroke="currentColor"
          y2="6"
        />
        <text
          dy="0.71em"
          fill="currentColor"
          y="9"
        >
          6
        </text>
      </g>
      <g
        class="tick"
        opacity="1"
        transform="translate(14.785714285714281,0)"
      >
        <line
          stroke="currentColor"
          y2="6"
        />
        <text
          dy="0.71em"
          fill="currentColor"
          y="9"
        >
          8
        </text>
      </g>
      <g
        class="tick"
        opacity="1"
        transform="translate(23.35714285714286,0)"
      >
        <line
          stroke="currentColor"
          y2="6"
        />
        <text
          dy="0.71em"
          fill="currentColor"
          y="9"
        >
          10
        </text>
      </g>
      <g
        class="tick"
        opacity="1"
        transform="translate(31.928571428571427,0)"
      >
        <line
          stroke="currentColor"
          y2="6"
        />
        <text
          dy="0.71em"
          fill="currentColor"
          y="9"
        >
          12
        </text>
      </g>
      <g
        class="tick"
        opacity="1"
        transform="translate(40.5,0)"
      >
        <line
          stroke="currentColor"
          y2="6"
        />
        <text
          dy="0.71em"
          fill="currentColor"
          y="9"
        >
          14
        </text>
      </g>
      <text
        class="fill-current"
        text-anchor="start"
        x="0"
        y="30"
      >
        value2, value4
      </text>
    </g>
    <g
      class="yAxis axis"
      fill="none"
      font-family="sans-serif"
      font-size="10"
      text-anchor="end"
      transform="translate(40,0)"
    >
      <path
        class="domain"
        d="M-6,40.5H0.5V-39.5H-6"
        stroke="currentColor"
      />
      <g
        class="tick"
        opacity="1"
        transform="translate(0,0)"
      >
        <line
          stroke="currentColor"
          x2="-6"
        />
        <text
          dy="0.32em"
          fill="currentColor"
          x="-9"
        />
      </g>
      <text
        class="fill-current"
        x="-20"
        y="-40"
      />
    </g>
  </g>
</svg>
`;
